//----------------------
// <auto-generated>
//     Generated using Maestria.TypeProviders (https://github.com/MaestriaNet/TypeProviders)
// </auto-generated>
//----------------------

using System;
using System.Collections;
using System.Collections.Generic;
using System.Linq;
using System.IO;
using ClosedXML.Excel;
using Maestria.FluentCast;
using Maestria.TypeProviders.Excel;

namespace Maestria.TypeProviders.Test.ExcelProvider
{
    public partial class MyExcelDataSheet2
    {
        public int Id { get; set; }
        public string Name { get; set; }
        public decimal? Value { get; set; }
        public DateTime BirthDate { get; set; }
        public int Prop { get; set; }
        public string CalculatedProp { get; set; }
        public string PropSheet2 { get; set; }
    }

    public static partial class MyExcelDataSheet2Factory
    {
        public static IEnumerable<MyExcelDataSheet2> Load(Stream input, int sheetPosition = 1)
        {
            using var workbook = new XLWorkbook(input);
            return Load(workbook, sheetPosition, null);
        }

        public static IEnumerable<MyExcelDataSheet2> Load(Stream input, string sheetName)
        {
            using var workbook = new XLWorkbook(input);
            return Load(workbook, 0, sheetName);
        }

        public static IEnumerable<MyExcelDataSheet2> Load(string filePath, int sheetPosition = 1)
        {
            using var workbook = ExcelExtensions.OpenWorkbook(filePath);
            return Load(workbook, sheetPosition, null);
        }

        public static IEnumerable<MyExcelDataSheet2> Load(string filePath, string sheetName)
        {
            using var workbook = ExcelExtensions.OpenWorkbook(filePath);
            return Load(workbook, 0, sheetName);
        }

        public static IEnumerable<MyExcelDataSheet2> Load(XLWorkbook workbook, int sheetPosition = 1, string sheetName = "")
        {
            var result = new List<MyExcelDataSheet2>();
            var sheet = string.IsNullOrEmpty(sheetName) ? workbook.Worksheet(sheetPosition) : workbook.Worksheet(sheetName);
            foreach (var row in sheet.Rows(2, sheet.RowUsedCount()))
            {
                var idValue = row.Cell(sheet.ColumnByName("Id")).Value;
                var nameValue = row.Cell(sheet.ColumnByName("Name")).Value;
                var valueValue = row.Cell(sheet.ColumnByName("Value")).Value;
                var birthDateValue = row.Cell(sheet.ColumnByName("Birth Date")).Value;
                var propValue = row.Cell(sheet.ColumnByName("Prop")).Value;
                var calculatedPropValue = row.Cell(sheet.ColumnByName("Calculated Prop")).Value;
                var propSheet2Value = row.Cell(sheet.ColumnByName("Prop Sheet 2")).Value;
                result.Add(new MyExcelDataSheet2
                {
                    Id = idValue.ToInt32(),
                    Name = nameValue.ToString(),
                    Value = valueValue.ToDecimalSafe(),
                    BirthDate = birthDateValue.ToDateTime(),
                    Prop = propValue.ToInt32(),
                    CalculatedProp = calculatedPropValue.ToString(),
                    PropSheet2 = propSheet2Value.ToString(),
                });
            }
            return result;
        }
    }
}